Archive member included because of file (symbol)

/usr/bin/../lib/gcc/arm-none-eabi/4.9.3/../../../../arm-none-eabi/lib/armv7-m/libg_nano.a(lib_a-errno.o)
                              ./system/src/newlib/_sbrk.o (__errno)
/usr/bin/../lib/gcc/arm-none-eabi/4.9.3/../../../../arm-none-eabi/lib/armv7-m/libg_nano.a(lib_a-impure.o)
                              /usr/bin/../lib/gcc/arm-none-eabi/4.9.3/../../../../arm-none-eabi/lib/armv7-m/libg_nano.a(lib_a-errno.o) (_impure_ptr)
/usr/bin/../lib/gcc/arm-none-eabi/4.9.3/../../../../arm-none-eabi/lib/armv7-m/libg_nano.a(lib_a-malloc.o)
                              ./src/sd_stm32.o (malloc)
/usr/bin/../lib/gcc/arm-none-eabi/4.9.3/../../../../arm-none-eabi/lib/armv7-m/libg_nano.a(lib_a-memcpy.o)
                              ./FreeRTOS/source/queue.o (memcpy)
/usr/bin/../lib/gcc/arm-none-eabi/4.9.3/../../../../arm-none-eabi/lib/armv7-m/libg_nano.a(lib_a-memset.o)
                              ./src/sd_stm32.o (memset)
/usr/bin/../lib/gcc/arm-none-eabi/4.9.3/../../../../arm-none-eabi/lib/armv7-m/libg_nano.a(lib_a-nano-freer.o)
                              /usr/bin/../lib/gcc/arm-none-eabi/4.9.3/../../../../arm-none-eabi/lib/armv7-m/libg_nano.a(lib_a-malloc.o) (_free_r)
/usr/bin/../lib/gcc/arm-none-eabi/4.9.3/../../../../arm-none-eabi/lib/armv7-m/libg_nano.a(lib_a-nano-mallocr.o)
                              /usr/bin/../lib/gcc/arm-none-eabi/4.9.3/../../../../arm-none-eabi/lib/armv7-m/libg_nano.a(lib_a-malloc.o) (_malloc_r)
/usr/bin/../lib/gcc/arm-none-eabi/4.9.3/../../../../arm-none-eabi/lib/armv7-m/libg_nano.a(lib_a-sbrkr.o)
                              /usr/bin/../lib/gcc/arm-none-eabi/4.9.3/../../../../arm-none-eabi/lib/armv7-m/libg_nano.a(lib_a-nano-mallocr.o) (_sbrk_r)
/usr/bin/../lib/gcc/arm-none-eabi/4.9.3/../../../../arm-none-eabi/lib/armv7-m/libg_nano.a(lib_a-strcpy.o)
                              ./src/sd_stm32.o (strcpy)
/usr/bin/../lib/gcc/arm-none-eabi/4.9.3/../../../../arm-none-eabi/lib/armv7-m/libg_nano.a(lib_a-strncpy.o)
                              ./src/main.o (strncpy)

Allocating common symbols
Common symbol       size              file

xQuOtherLinesLCD    0x4               ./src/main.o
timer_delayCount    0x4               ./src/Timer.o
xSemaphoreKeyPressed
                    0x4               ./src/main.o
errno               0x4               ./system/src/newlib/_syscalls.o
xQuSecondLineLCD    0x4               ./src/main.o
systemTime          0x4               ./src/main.o
xSemaphoreMuteks    0x4               ./src/main.o
xQuFirstLineLCD     0x4               ./src/main.o

Discarded input sections

 .group         0x0000000000000000        0x8 ./system/src/stm32f1-stdperiph/misc.o
 .group         0x0000000000000000        0x8 ./system/src/stm32f1-stdperiph/misc.o
 .group         0x0000000000000000        0x8 ./system/src/stm32f1-stdperiph/misc.o
 .group         0x0000000000000000        0x8 ./system/src/stm32f1-stdperiph/misc.o
 .group         0x0000000000000000        0x8 ./system/src/stm32f1-stdperiph/misc.o
 .group         0x0000000000000000        0x8 ./system/src/stm32f1-stdperiph/misc.o
 .group         0x0000000000000000        0x8 ./system/src/stm32f1-stdperiph/misc.o
 .group         0x0000000000000000        0x8 ./system/src/stm32f1-stdperiph/misc.o
 .group         0x0000000000000000        0x8 ./system/src/stm32f1-stdperiph/misc.o
 .group         0x0000000000000000        0x8 ./system/src/stm32f1-stdperiph/misc.o
 .group         0x0000000000000000        0x8 ./system/src/stm32f1-stdperiph/misc.o
 .group         0x0000000000000000        0x8 ./system/src/stm32f1-stdperiph/misc.o
 .group         0x0000000000000000        0x8 ./system/src/stm32f1-stdperiph/misc.o
 .group         0x0000000000000000        0x8 ./system/src/stm32f1-stdperiph/misc.o
 .group         0x0000000000000000        0x8 ./system/src/stm32f1-stdperiph/misc.o
 .group         0x0000000000000000        0x8 ./system/src/stm32f1-stdperiph/misc.o
 .group         0x0000000000000000        0x8 ./system/src/stm32f1-stdperiph/misc.o
 .group         0x0000000000000000        0x8 ./system/src/stm32f1-stdperiph/misc.o
 .group         0x0000000000000000        0x8 ./system/src/stm32f1-stdperiph/misc.o
 .group         0x0000000000000000        0x8 ./system/src/stm32f1-stdperiph/misc.o
 .group         0x0000000000000000        0x8 ./system/src/stm32f1-stdperiph/misc.o
 .group         0x0000000000000000        0x8 ./system/src/stm32f1-stdperiph/misc.o
 .group         0x0000000000000000        0x8 ./system/src/stm32f1-stdperiph/misc.o
 .group         0x0000000000000000        0x8 ./system/src/stm32f1-stdperiph/misc.o
 .group         0x0000000000000000        0x8 ./system/src/stm32f1-stdperiph/misc.o
 .group         0x0000000000000000        0x8 ./system/src/stm32f1-stdperiph/misc.o
 .group         0x0000000000000000        0x8 ./system/src/stm32f1-stdperiph/misc.o
 .group         0x0000000000000000        0x8 ./system/src/stm32f1-stdperiph/misc.o
[...]
Memory Configuration

Name             Origin             Length             Attributes
RAM              0x0000000020000000 0x0000000000005000 xrw
CCMRAM           0x0000000000000000 0x0000000000000000 xrw
FLASH            0x0000000008000000 0x0000000000020000 xr
FLASHB1          0x0000000000000000 0x0000000000000000 xr
EXTMEMB0         0x0000000000000000 0x0000000000000000 xr
EXTMEMB1         0x0000000000000000 0x0000000000000000 xr
EXTMEMB2         0x0000000000000000 0x0000000000000000 xr
EXTMEMB3         0x0000000000000000 0x0000000000000000 xr
MEMORY_ARRAY     0x0000000000000000 0x0000000000000000 xrw
*default*        0x0000000000000000 0xffffffffffffffff

Linker script and memory map

LOAD ./system/src/stm32f1-stdperiph/misc.o
LOAD ./system/src/stm32f1-stdperiph/stm32f10x_flash.o
LOAD ./system/src/stm32f1-stdperiph/stm32f10x_gpio.o
LOAD ./system/src/stm32f1-stdperiph/stm32f10x_rcc.o
LOAD ./system/src/stm32f1-stdperiph/stm32f10x_spi.o
LOAD ./system/src/newlib/_cxx.o
LOAD ./system/src/newlib/_exit.o
LOAD ./system/src/newlib/_sbrk.o
LOAD ./system/src/newlib/_startup.o
LOAD ./system/src/newlib/_syscalls.o
LOAD ./system/src/newlib/assert.o
LOAD ./system/src/diag/Trace.o
LOAD ./system/src/diag/trace_impl.o
LOAD ./system/src/cortexm/_initialize_hardware.o
LOAD ./system/src/cortexm/_reset_hardware.o
LOAD ./system/src/cortexm/exception_handlers.o
LOAD ./system/src/cmsis/system_stm32f10x.o
LOAD ./system/src/cmsis/vectors_stm32f10x.o
LOAD ./src/BlinkLed.o
LOAD ./src/Timer.o
LOAD ./src/_write.o
LOAD ./src/ks0108.o
LOAD ./src/main.o
LOAD ./src/sd_stm32.o
LOAD ./my_initialize/initialize.o
LOAD ./FreeRTOS/source/croutine.o
LOAD ./FreeRTOS/source/event_groups.o
LOAD ./FreeRTOS/source/heap_3.o
LOAD ./FreeRTOS/source/list.o
LOAD ./FreeRTOS/source/port.o
LOAD ./FreeRTOS/source/queue.o
LOAD ./FreeRTOS/source/tasks.o
LOAD ./FreeRTOS/source/timers.o
LOAD ./FATFs/ff.o
LOAD ./FATFs/sd_stm32.o
LOAD /usr/bin/../lib/gcc/arm-none-eabi/4.9.3/../../../../arm-none-eabi/lib/armv7-m/libstdc++_nano.a
LOAD /usr/bin/../lib/gcc/arm-none-eabi/4.9.3/../../../../arm-none-eabi/lib/armv7-m/libm.a
START GROUP
LOAD /usr/bin/../lib/gcc/arm-none-eabi/4.9.3/armv7-m/libgcc.a
LOAD /usr/bin/../lib/gcc/arm-none-eabi/4.9.3/../../../../arm-none-eabi/lib/armv7-m/libg_nano.a
LOAD /usr/bin/../lib/gcc/arm-none-eabi/4.9.3/../../../../arm-none-eabi/lib/armv7-m/libc_nano.a
END GROUP
START GROUP
LOAD /usr/bin/../lib/gcc/arm-none-eabi/4.9.3/armv7-m/libgcc.a
LOAD /usr/bin/../lib/gcc/arm-none-eabi/4.9.3/../../../../arm-none-eabi/lib/armv7-m/libc_nano.a
END GROUP
                0x0000000020005000                __stack = (ORIGIN (RAM) + 0x5000)
                0x0000000020005000                _estack = __stack
                0x0000000000000400                __Main_Stack_Size = 0x400
                0x0000000000000400                PROVIDE (_Main_Stack_Size, __Main_Stack_Size)
                0x0000000020004c00                __Main_Stack_Limit = (__stack - __Main_Stack_Size)
                0x0000000020004c00                PROVIDE (_Main_Stack_Limit, __Main_Stack_Limit)
                0x0000000000000100                _Minimum_Stack_Size = 0x100
                0x00000000200047d0                PROVIDE (_Heap_Begin, _end_noinit)
                0x0000000020004c00                PROVIDE (_Heap_Limit, (__stack - __Main_Stack_Size))

.isr_vector     0x0000000008000000      0x298
 FILL mask 0xff
                0x0000000008000000                __vectors_start = ABSOLUTE (.)
                0x0000000008000000                __vectors_start__ = ABSOLUTE (.)
 *(.isr_vector)
 .isr_vector    0x0000000008000000      0x10c ./system/src/cmsis/vectors_stm32f10x.o
                0x0000000008000000                __isr_vectors
 *(.cfmconfig)
 *(.after_vectors .after_vectors.*)
 .after_vectors
                0x000000000800010c      0x114 ./system/src/newlib/_startup.o
                0x000000000800010c                _start
 .after_vectors
                0x0000000008000220       0x74 ./system/src/cortexm/exception_handlers.o
                0x0000000008000220                Reset_Handler
                0x0000000008000228                NMI_Handler
                0x000000000800022c                HardFault_Handler
                0x0000000008000240                HardFault_Handler_C
                0x0000000008000244                MemManage_Handler
                0x0000000008000248                BusFault_Handler
                0x000000000800025c                BusFault_Handler_C
                0x0000000008000260                UsageFault_Handler
                0x0000000008000274                UsageFault_Handler_C
                0x000000000800027c                DebugMon_Handler
 .after_vectors
                0x0000000008000294        0x4 ./system/src/cmsis/vectors_stm32f10x.o
                0x0000000008000294                EXTI2_IRQHandler
                0x0000000008000294                TIM8_TRG_COM_IRQHandler
                0x0000000008000294                TIM8_CC_IRQHandler
                0x0000000008000294                TIM1_CC_IRQHandler
                0x0000000008000294                TIM6_IRQHandler
                0x0000000008000294                PVD_IRQHandler
                0x0000000008000294                SDIO_IRQHandler
                0x0000000008000294                CAN2_RX1_IRQHandler
                0x0000000008000294                EXTI3_IRQHandler
                0x0000000008000294                TIM8_TRG_COM_TIM14_IRQHandler
                0x0000000008000294                TIM1_UP_TIM10_IRQHandler
                0x0000000008000294                TIM8_UP_TIM13_IRQHandler
                0x0000000008000294                EXTI0_IRQHandler
                0x0000000008000294                I2C2_EV_IRQHandler
                0x0000000008000294                CAN1_RX0_IRQHandler
                0x0000000008000294                TIM1_UP_TIM16_IRQHandler
                0x0000000008000294                CAN2_SCE_IRQHandler
                0x0000000008000294                ADC1_2_IRQHandler
                0x0000000008000294                SPI1_IRQHandler
                0x0000000008000294                TAMPER_IRQHandler
                0x0000000008000294                TIM6_DAC_IRQHandler
                0x0000000008000294                TIM1_BRK_TIM9_IRQHandler
                0x0000000008000294                CAN2_RX0_IRQHandler
                0x0000000008000294                TIM8_UP_IRQHandler
                0x0000000008000294                DMA2_Channel2_IRQHandler
                0x0000000008000294                DMA1_Channel4_IRQHandler
                0x0000000008000294                USART3_IRQHandler
                0x0000000008000294                RTC_IRQHandler
                0x0000000008000294                DMA1_Channel7_IRQHandler
                0x0000000008000294                CAN1_RX1_IRQHandler
                0x0000000008000294                UART5_IRQHandler
                0x0000000008000294                ADC3_IRQHandler
                0x0000000008000294                TIM4_IRQHandler
                0x0000000008000294                DMA2_Channel1_IRQHandler
                0x0000000008000294                I2C1_EV_IRQHandler
                0x0000000008000294                DMA1_Channel6_IRQHandler
                0x0000000008000294                UART4_IRQHandler
                0x0000000008000294                DMA2_Channel4_IRQHandler
                0x0000000008000294                TIM3_IRQHandler
                0x0000000008000294                RCC_IRQHandler
                0x0000000008000294                TIM8_BRK_TIM12_IRQHandler
                0x0000000008000294                TIM1_TRG_COM_IRQHandler
                0x0000000008000294                DMA1_Channel1_IRQHandler
                0x0000000008000294                Default_Handler
                0x0000000008000294                CEC_IRQHandler
                0x0000000008000294                EXTI15_10_IRQHandler
                0x0000000008000294                TIM14_IRQHandler
                0x0000000008000294                TIM13_IRQHandler
                0x0000000008000294                TIM12_IRQHandler
                0x0000000008000294                TIM7_IRQHandler
                0x0000000008000294                CAN2_TX_IRQHandler
                0x0000000008000294                TIM5_IRQHandler
                0x0000000008000294                EXTI9_5_IRQHandler
                0x0000000008000294                ETH_WKUP_IRQHandler
                0x0000000008000294                SPI2_IRQHandler
                0x0000000008000294                CAN1_TX_IRQHandler
                0x0000000008000294                DMA2_Channel5_IRQHandler
                0x0000000008000294                DMA1_Channel5_IRQHandler
                0x0000000008000294                EXTI4_IRQHandler
                0x0000000008000294                USB_LP_CAN1_RX0_IRQHandler
                0x0000000008000294                TIM1_TRG_COM_TIM17_IRQHandler
                0x0000000008000294                USB_HP_CAN1_TX_IRQHandler
                0x0000000008000294                DMA1_Channel3_IRQHandler
                0x0000000008000294                FSMC_IRQHandler
                0x0000000008000294                ETH_IRQHandler
                0x0000000008000294                TIM1_UP_IRQHandler
                0x0000000008000294                WWDG_IRQHandler
                0x0000000008000294                TIM2_IRQHandler
                0x0000000008000294                OTG_FS_WKUP_IRQHandler
                0x0000000008000294                TIM1_TRG_COM_TIM11_IRQHandler
                0x0000000008000294                TIM1_BRK_IRQHandler
                0x0000000008000294                EXTI1_IRQHandler
                0x0000000008000294                RTCAlarm_IRQHandler
                0x0000000008000294                DMA2_Channel4_5_IRQHandler
                0x0000000008000294                USART2_IRQHandler
                0x0000000008000294                I2C2_ER_IRQHandler
                0x0000000008000294                DMA1_Channel2_IRQHandler
                0x0000000008000294                TIM8_BRK_IRQHandler
                0x0000000008000294                CAN1_SCE_IRQHandler
                0x0000000008000294                FLASH_IRQHandler
                0x0000000008000294                USART1_IRQHandler
                0x0000000008000294                OTG_FS_IRQHandler
                0x0000000008000294                SPI3_IRQHandler
                0x0000000008000294                I2C1_ER_IRQHandler
                0x0000000008000294                USBWakeUp_IRQHandler
                0x0000000008000294                DMA2_Channel3_IRQHandler
                0x0000000008000294                TIM1_BRK_TIM15_IRQHandler

.inits          0x0000000008000298       0x28
                0x0000000008000298                __data_regions_array_start = .
                0x0000000008000298        0x4 LONG 0x80045f4 LOADADDR (.data)
                0x000000000800029c        0x4 LONG 0x20000000 ADDR (.data)
                0x00000000080002a0        0x4 LONG 0x20000034 (ADDR (.data) + SIZEOF (.data))
                0x00000000080002a4        0x4 LONG 0x80045f4 LOADADDR (.data_CCMRAM)
                0x00000000080002a8        0x4 LONG 0x0 ADDR (.data_CCMRAM)
                0x00000000080002ac        0x4 LONG 0x0 (ADDR (.data_CCMRAM) + SIZEOF (.data_CCMRAM))
                0x00000000080002b0                __data_regions_array_end = .
                0x00000000080002b0                __bss_regions_array_start = .
                0x00000000080002b0        0x4 LONG 0x20000034 ADDR (.bss)
                0x00000000080002b4        0x4 LONG 0x200047d0 (ADDR (.bss) + SIZEOF (.bss))
                0x00000000080002b8        0x4 LONG 0x0 ADDR (.bss_CCMRAM)
                0x00000000080002bc        0x4 LONG 0x0 (ADDR (.bss_CCMRAM) + SIZEOF (.bss_CCMRAM))
                0x00000000080002c0                __bss_regions_array_end = .
 *(.init)
 *(.fini)
                0x00000000080002c0                . = ALIGN (0x4)
                0x00000000080002c0                PROVIDE (__preinit_array_start, .)
 *(.preinit_array_sysinit .preinit_array_sysinit.*)
 *(.preinit_array_platform .preinit_array_platform.*)
 *(.preinit_array .preinit_array.*)
                0x00000000080002c0                PROVIDE (__preinit_array_end, .)
                0x00000000080002c0                . = ALIGN (0x4)
                0x00000000080002c0                PROVIDE (__init_array_start, .)
 *(SORT(.init_array.*))
 *(.init_array)
                0x00000000080002c0                PROVIDE (__init_array_end, .)
                0x00000000080002c0                . = ALIGN (0x4)
                0x00000000080002c0                PROVIDE (__fini_array_start, .)
 *(SORT(.fini_array.*))
 *(.fini_array)
                0x00000000080002c0                PROVIDE (__fini_array_end, .)

.flashtext
 *(.flashtext .flashtext.*)

.text           0x00000000080002c0     0x4334
 *(.text .text.*)
 .text.NVIC_SetVectorTable
                0x00000000080002c0       0x44 ./system/src/stm32f1-stdperiph/misc.o
                0x00000000080002c0                NVIC_SetVectorTable
 .text.FLASH_SetLatency
                0x0000000008000304       0x28 ./system/src/stm32f1-stdperiph/stm32f10x_flash.o
                0x0000000008000304                FLASH_SetLatency
 .text.FLASH_PrefetchBufferCmd
                0x000000000800032c       0x30 ./system/src/stm32f1-stdperiph/stm32f10x_flash.o
                0x000000000800032c                FLASH_PrefetchBufferCmd
 .text.GPIO_Init
                0x000000000800035c      0x12c ./system/src/stm32f1-stdperiph/stm32f10x_gpio.o
                0x000000000800035c                GPIO_Init
 .text.GPIO_StructInit
                0x0000000008000488       0x10 ./system/src/stm32f1-stdperiph/stm32f10x_gpio.o
                0x0000000008000488                GPIO_StructInit
 .text.GPIO_ReadInputDataBit
                0x0000000008000498       0xb8 ./system/src/stm32f1-stdperiph/stm32f10x_gpio.o
                0x0000000008000498                GPIO_ReadInputDataBit
 .text.GPIO_ReadInputData
                0x0000000008000550       0x54 ./system/src/stm32f1-stdperiph/stm32f10x_gpio.o
                0x0000000008000550                GPIO_ReadInputData
 .text.GPIO_SetBits
                0x00000000080005a4       0x60 ./system/src/stm32f1-stdperiph/stm32f10x_gpio.o
                0x00000000080005a4                GPIO_SetBits
 .text.GPIO_ResetBits
                0x0000000008000604       0x60 ./system/src/stm32f1-stdperiph/stm32f10x_gpio.o
                0x0000000008000604                GPIO_ResetBits
 .text.GPIO_Write
                0x0000000008000664       0x54 ./system/src/stm32f1-stdperiph/stm32f10x_gpio.o
                0x0000000008000664                GPIO_Write
 .text.RCC_DeInit
                0x00000000080006b8       0x40 ./system/src/stm32f1-stdperiph/stm32f10x_rcc.o
                0x00000000080006b8                RCC_DeInit
 .text.RCC_HSEConfig
                0x00000000080006f8       0x5c ./system/src/stm32f1-stdperiph/stm32f10x_rcc.o
                0x00000000080006f8                RCC_HSEConfig
 .text.RCC_PLLConfig
                0x0000000008000754       0x98 ./system/src/stm32f1-stdperiph/stm32f10x_rcc.o
                0x0000000008000754                RCC_PLLConfig
 .text.RCC_PLLCmd
                0x00000000080007ec       0x20 ./system/src/stm32f1-stdperiph/stm32f10x_rcc.o
                0x00000000080007ec                RCC_PLLCmd
 .text.RCC_SYSCLKConfig
                0x000000000800080c       0x28 ./system/src/stm32f1-stdperiph/stm32f10x_rcc.o
                0x000000000800080c                RCC_SYSCLKConfig
 .text.RCC_GetSYSCLKSource
                0x0000000008000834       0x10 ./system/src/stm32f1-stdperiph/stm32f10x_rcc.o
                0x0000000008000834                RCC_GetSYSCLKSource
 .text.RCC_HCLKConfig
                0x0000000008000844       0x48 ./system/src/stm32f1-stdperiph/stm32f10x_rcc.o
                0x0000000008000844                RCC_HCLKConfig
 .text.RCC_PCLK1Config
                0x000000000800088c       0x40 ./system/src/stm32f1-stdperiph/stm32f10x_rcc.o
                0x000000000800088c                RCC_PCLK1Config
 .text.RCC_PCLK2Config
                0x00000000080008cc       0x40 ./system/src/stm32f1-stdperiph/stm32f10x_rcc.o
                0x00000000080008cc                RCC_PCLK2Config
 .text.RCC_APB2PeriphClockCmd
                0x000000000800090c       0x4c ./system/src/stm32f1-stdperiph/stm32f10x_rcc.o
                0x000000000800090c                RCC_APB2PeriphClockCmd
 .text.RCC_GetFlagStatus
                0x0000000008000958       0x70 ./system/src/stm32f1-stdperiph/stm32f10x_rcc.o
                0x0000000008000958                RCC_GetFlagStatus
 .text.RCC_WaitForHSEStartUp
                0x00000000080009c8       0x34 ./system/src/stm32f1-stdperiph/stm32f10x_rcc.o
                0x00000000080009c8                RCC_WaitForHSEStartUp
 .text.SPI_Init
                0x00000000080009fc      0x12c ./system/src/stm32f1-stdperiph/stm32f10x_spi.o
                0x00000000080009fc                SPI_Init
 .text.SPI_Cmd  0x0000000008000b28       0x58 ./system/src/stm32f1-stdperiph/stm32f10x_spi.o
                0x0000000008000b28                SPI_Cmd
 .text.SPI_I2S_SendData
                0x0000000008000b80       0x34 ./system/src/stm32f1-stdperiph/stm32f10x_spi.o
                0x0000000008000b80                SPI_I2S_SendData
 .text.SPI_I2S_ReceiveData
                0x0000000008000bb4       0x34 ./system/src/stm32f1-stdperiph/stm32f10x_spi.o
                0x0000000008000bb4                SPI_I2S_ReceiveData
 .text.SPI_SSOutputCmd
                0x0000000008000be8       0x58 ./system/src/stm32f1-stdperiph/stm32f10x_spi.o
                0x0000000008000be8                SPI_SSOutputCmd
 .text.SPI_I2S_GetFlagStatus
                0x0000000008000c40       0x68 ./system/src/stm32f1-stdperiph/stm32f10x_spi.o
                0x0000000008000c40                SPI_I2S_GetFlagStatus
 .text._exit    0x0000000008000ca8        0x4 ./system/src/newlib/_exit.o
                0x0000000008000ca8                _exit
 .text.abort    0x0000000008000cac        0x8 ./system/src/newlib/_exit.o
                0x0000000008000cac                abort
 .text.__initialize_args
                0x0000000008000cb4       0x10 ./system/src/newlib/_syscalls.o
                0x0000000008000cb4                __initialize_args
 .text.assert_failed
                0x0000000008000cc4        0x8 ./system/src/newlib/assert.o
                0x0000000008000cc4                assert_failed
 .text.__initialize_hardware_early
                0x0000000008000ccc       0x18 ./system/src/cortexm/_initialize_hardware.o
                0x0000000008000ccc                __initialize_hardware_early
 .text.__initialize_hardware
                0x0000000008000ce4        0x8 ./system/src/cortexm/_initialize_hardware.o
                0x0000000008000ce4                __initialize_hardware
 .text.SetSysClockTo72
                0x0000000008000cec       0xc4 ./system/src/cmsis/system_stm32f10x.o
 .text.SetSysClock
                0x0000000008000db0        0x8 ./system/src/cmsis/system_stm32f10x.o
 .text.SystemInit
                0x0000000008000db8       0x50 ./system/src/cmsis/system_stm32f10x.o
                0x0000000008000db8                SystemInit
 .text.SystemCoreClockUpdate
                0x0000000008000e08       0x94 ./system/src/cmsis/system_stm32f10x.o
                0x0000000008000e08                SystemCoreClockUpdate
 .text.GLCD_Delay
                0x0000000008000e9c       0xc4 ./src/ks0108.o
                0x0000000008000e9c                GLCD_Delay
 .text.GLCD_EnableController
                0x0000000008000f60       0x38 ./src/ks0108.o
                0x0000000008000f60                GLCD_EnableController
 .text.GLCD_DisableController
                0x0000000008000f98       0x38 ./src/ks0108.o
                0x0000000008000f98                GLCD_DisableController
 .text.GLCD_ReadStatus
                0x0000000008000fd0       0x70 ./src/ks0108.o
                0x0000000008000fd0                GLCD_ReadStatus
 .text.GLCD_WriteCommand
                0x0000000008001040       0x88 ./src/ks0108.o
                0x0000000008001040                GLCD_WriteCommand
 .text.GLCD_WriteData
                0x00000000080010c8       0xa0 ./src/ks0108.o
                0x00000000080010c8                GLCD_WriteData
 .text.GLCD_InitializePorts
                0x0000000008001168       0x40 ./src/ks0108.o
                0x0000000008001168                GLCD_InitializePorts
 .text.GLCD_ReadByteFromROMMemory
                0x00000000080011a8        0x4 ./src/ks0108.o
                0x00000000080011a8                GLCD_ReadByteFromROMMemory
 .text.GLCD_Initialize
                0x00000000080011ac       0x1c ./src/ks0108.o
                0x00000000080011ac                GLCD_Initialize
 .text.GLCD_GoTo
                0x00000000080011c8       0x58 ./src/ks0108.o
                0x00000000080011c8                GLCD_GoTo
 .text.GLCD_ClearScreen
                0x0000000008001220       0x2c ./src/ks0108.o
                0x0000000008001220                GLCD_ClearScreen
 .text.GLCD_WriteChar
                0x000000000800124c       0x48 ./src/ks0108.o
                0x000000000800124c                GLCD_WriteChar
 .text.GLCD_WriteString
                0x0000000008001294       0x20 ./src/ks0108.o
                0x0000000008001294                GLCD_WriteString
 .text.vTask1   0x00000000080012b4       0xd8 ./src/main.o
                0x00000000080012b4                vTask1
 .text.vSystemUpTime
                0x000000000800138c      0x138 ./src/main.o
                0x000000000800138c                vSystemUpTime
 .text.vTask2   0x00000000080014c4       0xa8 ./src/main.o
                0x00000000080014c4                vTask2
 .text.vTaskCheckKey
                0x000000000800156c       0x64 ./src/main.o
                0x000000000800156c                vTaskCheckKey
 .text.main     0x00000000080015d0       0xe4 ./src/main.o
                0x00000000080015d0                main
 .text.SD_mount
                0x00000000080016b4       0x10 ./src/sd_stm32.o
                0x00000000080016b4                SD_mount
 .text.SD_open_file
                0x00000000080016c4       0x48 ./src/sd_stm32.o
                0x00000000080016c4                SD_open_file
 .text.GPIO_Config
                0x000000000800170c       0xb0 ./my_initialize/initialize.o
                0x000000000800170c                GPIO_Config
 .text.NVIC_Config
                0x00000000080017bc       0x10 ./my_initialize/initialize.o
                0x00000000080017bc                NVIC_Config
 .text.SPI_Config
                0x00000000080017cc       0x5c ./my_initialize/initialize.o
                0x00000000080017cc                SPI_Config
 .text.SysTick_Config_Mod
                0x0000000008001828       0x54 ./my_initialize/initialize.o
                0x0000000008001828                SysTick_Config_Mod
 .text.RCC_Config
                0x000000000800187c       0x80 ./my_initialize/initialize.o
                0x000000000800187c                RCC_Config
 .text.init     0x00000000080018fc       0x14 ./my_initialize/initialize.o
                0x00000000080018fc                init
 .text.pvPortMalloc
                0x0000000008001910       0x5c ./FreeRTOS/source/heap_3.o
                0x0000000008001910                pvPortMalloc
 .text.vPortFree
                0x000000000800196c        0x4 ./FreeRTOS/source/heap_3.o
                0x000000000800196c                vPortFree
 .text.vListInitialise
                0x0000000008001970       0x18 ./FreeRTOS/source/list.o
                0x0000000008001970                vListInitialise
 .text.vListInitialiseItem
                0x0000000008001988        0x8 ./FreeRTOS/source/list.o
                0x0000000008001988                vListInitialiseItem
 .text.vListInsertEnd
                0x0000000008001990       0x18 ./FreeRTOS/source/list.o
                0x0000000008001990                vListInsertEnd
 .text.vListInsert
                0x00000000080019a8       0x34 ./FreeRTOS/source/list.o
                0x00000000080019a8                vListInsert
 .text.uxListRemove
                0x00000000080019dc       0x24 ./FreeRTOS/source/list.o
                0x00000000080019dc                uxListRemove
 .text.prvPortStartFirstTask
                0x0000000008001a00       0x20 ./FreeRTOS/source/port.o
 .text.pxPortInitialiseStack
                0x0000000008001a20       0x20 ./FreeRTOS/source/port.o
                0x0000000008001a20                pxPortInitialiseStack
 .text.SVC_Handler
                0x0000000008001a40       0x24 ./FreeRTOS/source/port.o
                0x0000000008001a40                SVC_Handler
 .text.vPortYield
                0x0000000008001a64       0x18 ./FreeRTOS/source/port.o
                0x0000000008001a64                vPortYield
 .text.ulPortSetInterruptMask
                0x0000000008001a7c       0x10 ./FreeRTOS/source/port.o
                0x0000000008001a7c                ulPortSetInterruptMask
 .text.prvTaskExitError
                0x0000000008001a8c        0x8 ./FreeRTOS/source/port.o
 .text.vPortEnterCritical
                0x0000000008001a94       0x1c ./FreeRTOS/source/port.o
                0x0000000008001a94                vPortEnterCritical
 .text.vPortClearInterruptMask
                0x0000000008001ab0        0x8 ./FreeRTOS/source/port.o
                0x0000000008001ab0                vPortClearInterruptMask
 .text.vPortExitCritical
                0x0000000008001ab8       0x18 ./FreeRTOS/source/port.o
                0x0000000008001ab8                vPortExitCritical
 .text.PendSV_Handler
                0x0000000008001ad0       0x44 ./FreeRTOS/source/port.o
                0x0000000008001ad0                PendSV_Handler
 .text.SysTick_Handler
                0x0000000008001b14       0x20 ./FreeRTOS/source/port.o
                0x0000000008001b14                SysTick_Handler
 .text.vPortSetupTimerInterrupt
                0x0000000008001b34       0x18 ./FreeRTOS/source/port.o
                0x0000000008001b34                vPortSetupTimerInterrupt
 .text.xPortStartScheduler
                0x0000000008001b4c       0x30 ./FreeRTOS/source/port.o
                0x0000000008001b4c                xPortStartScheduler
 .text.prvIsQueueFull
                0x0000000008001b7c       0x20 ./FreeRTOS/source/queue.o
 .text.prvIsQueueEmpty
                0x0000000008001b9c       0x1c ./FreeRTOS/source/queue.o
 .text.prvCopyDataToQueue
                0x0000000008001bb8       0x7c ./FreeRTOS/source/queue.o
 .text.prvCopyDataFromQueue
                0x0000000008001c34       0x24 ./FreeRTOS/source/queue.o
 .text.prvUnlockQueue
                0x0000000008001c58       0x64 ./FreeRTOS/source/queue.o
 .text.xQueueGenericReset
                0x0000000008001cbc       0x5c ./FreeRTOS/source/queue.o
                0x0000000008001cbc                xQueueGenericReset
 .text.xQueueGenericCreate
                0x0000000008001d18       0x40 ./FreeRTOS/source/queue.o
                0x0000000008001d18                xQueueGenericCreate
 .text.xQueueGenericSend
                0x0000000008001d58       0xd8 ./FreeRTOS/source/queue.o
                0x0000000008001d58                xQueueGenericSend
 .text.xQueueCreateMutex
                0x0000000008001e30       0x4c ./FreeRTOS/source/queue.o
                0x0000000008001e30                xQueueCreateMutex
 .text.xQueueGenericReceive
                0x0000000008001e7c      0x100 ./FreeRTOS/source/queue.o
                0x0000000008001e7c                xQueueGenericReceive
 .text.prvResetNextTaskUnblockTime
                0x0000000008001f7c       0x34 ./FreeRTOS/source/tasks.o
 .text.prvDeleteTCB
                0x0000000008001fb0       0x14 ./FreeRTOS/source/tasks.o
 .text.prvAllocateTCBAndStack
                0x0000000008001fc4       0x3c ./FreeRTOS/source/tasks.o
 .text.prvInitialiseTCBVariables
                0x0000000008002000       0x50 ./FreeRTOS/source/tasks.o
 .text.prvInitialiseTaskLists
                0x0000000008002050       0x68 ./FreeRTOS/source/tasks.o
 .text.prvAddCurrentTaskToDelayedList
                0x00000000080020b8       0x54 ./FreeRTOS/source/tasks.o
 .text.xTaskGenericCreate
                0x000000000800210c       0xf4 ./FreeRTOS/source/tasks.o
                0x000000000800210c                xTaskGenericCreate
 .text.vTaskStartScheduler
                0x0000000008002200       0x48 ./FreeRTOS/source/tasks.o
                0x0000000008002200                vTaskStartScheduler
 .text.vTaskSuspendAll
                0x0000000008002248       0x10 ./FreeRTOS/source/tasks.o
                0x0000000008002248                vTaskSuspendAll
 .text.xTaskGetTickCount
                0x0000000008002258        0xc ./FreeRTOS/source/tasks.o
                0x0000000008002258                xTaskGetTickCount
 .text.xTaskIncrementTick
                0x0000000008002264      0x10c ./FreeRTOS/source/tasks.o
                0x0000000008002264                xTaskIncrementTick
 .text.xTaskResumeAll
                0x0000000008002370       0xd0 ./FreeRTOS/source/tasks.o
                0x0000000008002370                xTaskResumeAll
 .text.vTaskDelayUntil
                0x0000000008002440       0x80 ./FreeRTOS/source/tasks.o
                0x0000000008002440                vTaskDelayUntil
 .text.prvCheckTasksWaitingTermination
                0x00000000080024c0       0x54 ./FreeRTOS/source/tasks.o
 .text.prvIdleTask
                0x0000000008002514       0x18 ./FreeRTOS/source/tasks.o
 .text.vTaskSwitchContext
                0x000000000800252c       0x78 ./FreeRTOS/source/tasks.o
                0x000000000800252c                vTaskSwitchContext
 .text.vTaskPlaceOnEventList
                0x00000000080025a4       0x5c ./FreeRTOS/source/tasks.o
                0x00000000080025a4                vTaskPlaceOnEventList
 .text.xTaskRemoveFromEventList
                0x0000000008002600       0x78 ./FreeRTOS/source/tasks.o
                0x0000000008002600                xTaskRemoveFromEventList
 .text.vTaskSetTimeOutState
                0x0000000008002678       0x18 ./FreeRTOS/source/tasks.o
                0x0000000008002678                vTaskSetTimeOutState
 .text.xTaskCheckForTimeOut
                0x0000000008002690       0x58 ./FreeRTOS/source/tasks.o
                0x0000000008002690                xTaskCheckForTimeOut
 .text.vTaskMissedYield
                0x00000000080026e8        0xc ./FreeRTOS/source/tasks.o
                0x00000000080026e8                vTaskMissedYield
 .text.vTaskPriorityInherit
                0x00000000080026f4       0xa8 ./FreeRTOS/source/tasks.o
                0x00000000080026f4                vTaskPriorityInherit
 .text.xTaskPriorityDisinherit
                0x000000000800279c       0x80 ./FreeRTOS/source/tasks.o
                0x000000000800279c                xTaskPriorityDisinherit
 .text.pvTaskIncrementMutexHeldCount
                0x000000000800281c       0x1c ./FreeRTOS/source/tasks.o
                0x000000000800281c                pvTaskIncrementMutexHeldCount
 .text.mem_cpy  0x0000000008002838       0x14 ./FATFs/ff.o
 .text.mem_set  0x000000000800284c       0x10 ./FATFs/ff.o
 .text.mem_cmp  0x000000000800285c       0x24 ./FATFs/ff.o
 .text.chk_chr  0x0000000008002880       0x14 ./FATFs/ff.o
 .text.create_name
                0x0000000008002894      0x108 ./FATFs/ff.o
 .text.get_fileinfo
                0x000000000800299c       0x88 ./FATFs/ff.o
 .text.move_window
                0x0000000008002a24       0x80 ./FATFs/ff.o
 .text.check_fs
                0x0000000008002aa4       0x90 ./FATFs/ff.o
 .text.validate
                0x0000000008002b34       0x30 ./FATFs/ff.o
 .text.chk_mounted
                0x0000000008002b64      0x350 ./FATFs/ff.o
 .text.sync     0x0000000008002eb4       0xbc ./FATFs/ff.o
 .text.clust2sect
                0x0000000008002f70       0x18 ./FATFs/ff.o
                0x0000000008002f70                clust2sect
 .text.get_fat  0x0000000008002f88       0xe8 ./FATFs/ff.o
                0x0000000008002f88                get_fat
 .text.dir_sdi  0x0000000008003070       0x94 ./FATFs/ff.o
 .text.put_fat  0x0000000008003104      0x108 ./FATFs/ff.o
                0x0000000008003104                put_fat
 .text.create_chain
                0x000000000800320c       0xac ./FATFs/ff.o
 .text.dir_next
                0x00000000080032b8      0x124 ./FATFs/ff.o
 .text.dir_find
                0x00000000080033dc       0x48 ./FATFs/ff.o
 .text.follow_path
                0x0000000008003424       0x90 ./FATFs/ff.o
 .text.dir_register
                0x00000000080034b4       0x60 ./FATFs/ff.o
 .text.dir_read
                0x0000000008003514       0x48 ./FATFs/ff.o
 .text.remove_chain
                0x000000000800355c       0x64 ./FATFs/ff.o
 .text.f_mount  0x00000000080035c0       0x28 ./FATFs/ff.o
                0x00000000080035c0                f_mount
 .text.f_open   0x00000000080035e8      0x158 ./FATFs/ff.o
                0x00000000080035e8                f_open
 .text.f_read   0x0000000008003740      0x1ac ./FATFs/ff.o
                0x0000000008003740                f_read
 .text.f_sync   0x00000000080038ec       0xac ./FATFs/ff.o
                0x00000000080038ec                f_sync
 .text.f_close  0x0000000008003998       0x14 ./FATFs/ff.o
                0x0000000008003998                f_close
 .text.f_opendir
                0x00000000080039ac       0x6c ./FATFs/ff.o
                0x00000000080039ac                f_opendir
 .text.f_readdir
                0x0000000008003a18       0x60 ./FATFs/ff.o
                0x0000000008003a18                f_readdir
 .text.power_off
                0x0000000008003a78        0xc ./FATFs/sd_stm32.o
 .text.chk_power
                0x0000000008003a84        0xc ./FATFs/sd_stm32.o
 .text.xmit_spi
                0x0000000008003a90       0x20 ./FATFs/sd_stm32.o
 .text.SELECT   0x0000000008003ab0       0x10 ./FATFs/sd_stm32.o
 .text.DESELECT
                0x0000000008003ac0       0x10 ./FATFs/sd_stm32.o
 .text.power_on
                0x0000000008003ad0       0x24 ./FATFs/sd_stm32.o
 .text.rcvr_spi
                0x0000000008003af4       0x30 ./FATFs/sd_stm32.o
 .text.wait_ready
                0x0000000008003b24       0x24 ./FATFs/sd_stm32.o
 .text.send_cmd
                0x0000000008003b48       0x68 ./FATFs/sd_stm32.o
 .text.rcvr_spi_m
                0x0000000008003bb0        0xc ./FATFs/sd_stm32.o
 .text.rcvr_datablock
                0x0000000008003bbc       0x4c ./FATFs/sd_stm32.o
 .text.xmit_datablock
                0x0000000008003c08       0x70 ./FATFs/sd_stm32.o
 .text.disk_initialize
                0x0000000008003c78      0x190 ./FATFs/sd_stm32.o
                0x0000000008003c78                disk_initialize
 .text.disk_status
                0x0000000008003e08       0x14 ./FATFs/sd_stm32.o
                0x0000000008003e08                disk_status
 .text.disk_read
                0x0000000008003e1c       0x98 ./FATFs/sd_stm32.o
                0x0000000008003e1c                disk_read
 .text.disk_write
                0x0000000008003eb4       0xc4 ./FATFs/sd_stm32.o
                0x0000000008003eb4                disk_write
 .text.disk_ioctl
                0x0000000008003f78      0x19c ./FATFs/sd_stm32.o
                0x0000000008003f78                disk_ioctl
 .text.get_fattime
                0x0000000008004114        0x8 ./FATFs/sd_stm32.o
                0x0000000008004114                get_fattime
 .text.memcpy   0x000000000800411c       0x16 /usr/bin/../lib/gcc/arm-none-eabi/4.9.3/../../../../arm-none-eabi/lib/armv7-m/libg_nano.a(lib_a-memcpy.o)
                0x000000000800411c                memcpy
 .text.memset   0x0000000008004132       0x10 /usr/bin/../lib/gcc/arm-none-eabi/4.9.3/../../../../arm-none-eabi/lib/armv7-m/libg_nano.a(lib_a-memset.o)
                0x0000000008004132                memset
 .text.strncpy  0x0000000008004142       0x24 /usr/bin/../lib/gcc/arm-none-eabi/4.9.3/../../../../arm-none-eabi/lib/armv7-m/libg_nano.a(lib_a-strncpy.o)
                0x0000000008004142                strncpy
 *(.rodata .rodata.* .constdata .constdata.*)
 *fill*         0x0000000008004166        0x2 
 .rodata.str1.4
                0x0000000008004168       0x27 ./system/src/stm32f1-stdperiph/misc.o
 *fill*         0x000000000800418f        0x1 
 .rodata.str1.4
                0x0000000008004190       0x32 ./system/src/stm32f1-stdperiph/stm32f10x_flash.o
 *fill*         0x00000000080041c2        0x2 
 .rodata.str1.4
                0x00000000080041c4       0x31 ./system/src/stm32f1-stdperiph/stm32f10x_gpio.o
 *fill*         0x00000000080041f5        0x3 
 .rodata.str1.4
                0x00000000080041f8       0x30 ./system/src/stm32f1-stdperiph/stm32f10x_rcc.o
 .rodata.str1.4
                0x0000000008004228       0x30 ./system/src/stm32f1-stdperiph/stm32f10x_spi.o
 .rodata.font5x8
                0x0000000008004258      0x1e0 ./src/ks0108.o
 .rodata.str1.4
                0x0000000008004438      0x102 ./src/main.o
                                        0x106 (size before relaxing)
 *fill*         0x000000000800453a        0x2 
 .rodata.str1.4
                0x000000000800453c       0x1e ./my_initialize/initialize.o
 *fill*         0x000000000800455a        0x2 
 .rodata.str1.4
                0x000000000800455c        0x5 ./FreeRTOS/source/tasks.o
 *fill*         0x0000000008004561        0x3 
 .rodata.excvt.3947
                0x0000000008004564       0x80 ./FATFs/ff.o
 .rodata.str1.4
                0x00000000080045e4       0x10 ./FATFs/ff.o
                                          0xf (size before relaxing)
 *(vtable)
 *(.eh_frame*)
 *(.glue_7)
 .glue_7        0x0000000000000000        0x0 linker stubs
 *(.glue_7t)
 .glue_7t       0x0000000000000000        0x0 linker stubs

.vfp11_veneer   0x00000000080045f4        0x0
 .vfp11_veneer  0x0000000000000000        0x0 linker stubs

.v4_bx          0x00000000080045f4        0x0
 .v4_bx         0x0000000000000000        0x0 linker stubs

.iplt           0x00000000080045f4        0x0
 .iplt          0x0000000000000000        0x0 ./system/src/stm32f1-stdperiph/misc.o

.rel.dyn        0x00000000080045f4        0x0
 .rel.iplt      0x0000000000000000        0x0 ./system/src/stm32f1-stdperiph/misc.o

.ARM.extab
 *(.ARM.extab* .gnu.linkonce.armextab.*)
                0x00000000080045f4                . = ALIGN (0x4)
                0x00000000080045f4                __exidx_start = .

.ARM.exidx
 *(.ARM.exidx* .gnu.linkonce.armexidx.*)
                0x00000000080045f4                __exidx_end = .
                0x00000000080045f4                . = ALIGN (0x4)
                0x00000000080045f4                _etext = .
                0x00000000080045f4                __etext = .

.data_CCMRAM    0x0000000000000000        0x0 load address 0x00000000080045f4
 FILL mask 0xff
 *(.data.CCMRAM .data.CCMRAM.*)
                0x0000000000000000                . = ALIGN (0x4)
                0x00000000080045f4                _sidata = LOADADDR (.data)

.data           0x0000000020000000       0x34 load address 0x00000000080045f4
 FILL mask 0xff
                0x0000000020000000                _sdata = .
                0x0000000020000000                __data_start__ = .
 *(.data_begin .data_begin.*)
 .data_begin    0x0000000020000000        0x4 ./system/src/newlib/_startup.o
 *(.data .data.*)
 .data.argv.4160
                0x0000000020000004        0x8 ./system/src/newlib/_syscalls.o
 .data.AHBPrescTable
                0x000000002000000c       0x10 ./system/src/cmsis/system_stm32f10x.o
                0x000000002000000c                AHBPrescTable
 .data.SystemCoreClock
                0x000000002000001c        0x4 ./system/src/cmsis/system_stm32f10x.o
                0x000000002000001c                SystemCoreClock
 .data.taskKey  0x0000000020000020        0x4 ./src/main.o
                0x0000000020000020                taskKey
 .data.uxCriticalNesting
                0x0000000020000024        0x4 ./FreeRTOS/source/port.o
 .data.xNextTaskUnblockTime
                0x0000000020000028        0x4 ./FreeRTOS/source/tasks.o
 .data.Stat     0x000000002000002c        0x1 ./FATFs/sd_stm32.o
 *(.data_end .data_end.*)
 *fill*         0x000000002000002d        0x3 
 .data_end      0x0000000020000030        0x4 ./system/src/newlib/_startup.o
                0x0000000020000034                . = ALIGN (0x4)
                0x0000000020000034                _edata = .
                0x0000000020000034                __data_end__ = .

.igot.plt       0x0000000020000034        0x0 load address 0x0000000008004628
 .igot.plt      0x0000000000000000        0x0 ./system/src/stm32f1-stdperiph/misc.o

.bss_CCMRAM     0x0000000000000000        0x0
 *(.bss.CCMRAM .bss.CCMRAM.*)

.bss            0x0000000020000034     0x479c
                0x0000000020000034                __bss_start__ = .
                0x0000000020000034                _sbss = .
 *(.bss_begin .bss_begin.*)
 .bss_begin     0x0000000020000034        0x4 ./system/src/newlib/_startup.o
 *(.bss .bss.*)
 .bss.name.4159
                0x0000000020000038        0x1 ./system/src/newlib/_syscalls.o
 .bss.screen_x  0x0000000020000039        0x1 ./src/ks0108.o
                0x0000000020000039                screen_x
 .bss.screen_y  0x000000002000003a        0x1 ./src/ks0108.o
                0x000000002000003a                screen_y
 *fill*         0x000000002000003b        0x1 
 .bss.GPIO_InitStructure
                0x000000002000003c        0x4 ./src/ks0108.o
 .bss.katalog.8339
                0x0000000020000040       0x1c ./src/main.o
 .bss.plik.8340
                0x000000002000005c       0x18 ./src/main.o
 .bss.g_sFatFs  0x0000000020000074      0x230 ./src/sd_stm32.o
 .bss.xNextFreeByte
                0x00000000200002a4        0x4 ./FreeRTOS/source/heap_3.o
 .bss.pucAlignedHeap.4518
                0x00000000200002a8        0x4 ./FreeRTOS/source/heap_3.o
 .bss.ucHeap    0x00000000200002ac     0x4400 ./FreeRTOS/source/heap_3.o
 .bss.pxDelayedTaskList
                0x00000000200046ac        0x4 ./FreeRTOS/source/tasks.o
 .bss.xSchedulerRunning
                0x00000000200046b0        0x4 ./FreeRTOS/source/tasks.o
 .bss.uxTasksDeleted
                0x00000000200046b4        0x4 ./FreeRTOS/source/tasks.o
 .bss.xTasksWaitingTermination
                0x00000000200046b8       0x14 ./FreeRTOS/source/tasks.o
 .bss.xDelayedTaskList2
                0x00000000200046cc       0x14 ./FreeRTOS/source/tasks.o
 .bss.uxPendedTicks
                0x00000000200046e0        0x4 ./FreeRTOS/source/tasks.o
 .bss.pxReadyTasksLists
                0x00000000200046e4       0x64 ./FreeRTOS/source/tasks.o
 .bss.uxSchedulerSuspended
                0x0000000020004748        0x4 ./FreeRTOS/source/tasks.o
 .bss.uxCurrentNumberOfTasks
                0x000000002000474c        0x4 ./FreeRTOS/source/tasks.o
 .bss.pxCurrentTCB
                0x0000000020004750        0x4 ./FreeRTOS/source/tasks.o
                0x0000000020004750                pxCurrentTCB
 .bss.xPendingReadyList
                0x0000000020004754       0x14 ./FreeRTOS/source/tasks.o
 .bss.xNumOfOverflows
                0x0000000020004768        0x4 ./FreeRTOS/source/tasks.o
 .bss.xTickCount
                0x000000002000476c        0x4 ./FreeRTOS/source/tasks.o
 .bss.pxOverflowDelayedTaskList
                0x0000000020004770        0x4 ./FreeRTOS/source/tasks.o
 .bss.uxTaskNumber
                0x0000000020004774        0x4 ./FreeRTOS/source/tasks.o
 .bss.xDelayedTaskList1
                0x0000000020004778       0x14 ./FreeRTOS/source/tasks.o
 .bss.xSuspendedTaskList
                0x000000002000478c       0x14 ./FreeRTOS/source/tasks.o
 .bss.uxTopReadyPriority
                0x00000000200047a0        0x4 ./FreeRTOS/source/tasks.o
 .bss.xYieldPending
                0x00000000200047a4        0x4 ./FreeRTOS/source/tasks.o
 .bss.Fsid      0x00000000200047a8        0x2 ./FATFs/ff.o
 *fill*         0x00000000200047aa        0x2 
 .bss.FatFs     0x00000000200047ac        0x4 ./FATFs/ff.o
 .bss.Timer1    0x00000000200047b0        0x1 ./FATFs/sd_stm32.o
 .bss.Timer2    0x00000000200047b1        0x1 ./FATFs/sd_stm32.o
 .bss.CardType  0x00000000200047b2        0x1 ./FATFs/sd_stm32.o
 .bss.PowerFlag
                0x00000000200047b3        0x1 ./FATFs/sd_stm32.o
 *(COMMON)
 COMMON         0x00000000200047b4       0x18 ./src/main.o
                0x00000000200047b4                xQuOtherLinesLCD
                0x00000000200047b8                xSemaphoreKeyPressed
                0x00000000200047bc                xQuSecondLineLCD
                0x00000000200047c0                systemTime
                0x00000000200047c4                xSemaphoreMuteks
                0x00000000200047c8                xQuFirstLineLCD
 *(.bss_end .bss_end.*)
 .bss_end       0x00000000200047cc        0x4 ./system/src/newlib/_startup.o
                0x00000000200047d0                . = ALIGN (0x4)
                0x00000000200047d0                __bss_end__ = .
                0x00000000200047d0                _ebss = .

.noinit_CCMRAM
 *(.noinit.CCMRAM .noinit.CCMRAM.*)

.noinit         0x00000000200047d0        0x0
                0x00000000200047d0                _noinit = .
 *(.noinit .noinit.*)
                0x00000000200047d0                . = ALIGN (0x4)
                0x00000000200047d0                _end_noinit = .
                0x00000000200047d0                PROVIDE (end, _end_noinit)
                0x00000000200047d0                PROVIDE (_end, _end_noinit)
                0x00000000200047d0                PROVIDE (__end, _end_noinit)
                0x00000000200047d0                PROVIDE (__end__, _end_noinit)

._check_stack   0x00000000200047d0      0x100
                0x00000000200048d0                . = (. + _Minimum_Stack_Size)
 *fill*         0x00000000200047d0      0x100 

.b1text
 *(.b1text)
 *(.b1rodata)
 *(.b1rodata.*)

.eb0text
 *(.eb0text)
 *(.eb0rodata)
 *(.eb0rodata.*)

.eb1text
 *(.eb1text)
 *(.eb1rodata)
 *(.eb1rodata.*)

.eb2text
 *(.eb2text)
 *(.eb2rodata)
 *(.eb2rodata.*)

.eb3text
 *(.eb3text)
 *(.eb3rodata)
 *(.eb3rodata.*)

.stab
 *(.stab)

.stabstr
 *(.stabstr)

.stab.excl
 *(.stab.excl)

.stab.exclstr
 *(.stab.exclstr)

.stab.index
 *(.stab.index)

.stab.indexstr
 *(.stab.indexstr)

.comment        0x0000000000000000       0x70
 *(.comment)
 .comment       0x0000000000000000       0x70 ./system/src/stm32f1-stdperiph/misc.o
                                         0x71 (size before relaxing)
 .comment       0x0000000000000000       0x71 ./system/src/stm32f1-stdperiph/stm32f10x_flash.o
 .comment       0x0000000000000000       0x71 ./system/src/stm32f1-stdperiph/stm32f10x_gpio.o
 .comment       0x0000000000000000       0x71 ./system/src/stm32f1-stdperiph/stm32f10x_rcc.o
 .comment       0x0000000000000000       0x71 ./system/src/stm32f1-stdperiph/stm32f10x_spi.o
 .comment       0x0000000000000000       0x71 ./system/src/newlib/_exit.o
 .comment       0x0000000000000000       0x71 ./system/src/newlib/_startup.o
 .comment       0x0000000000000000       0x71 ./system/src/newlib/_syscalls.o
 .comment       0x0000000000000000       0x71 ./system/src/newlib/assert.o
 .comment       0x0000000000000000       0x71 ./system/src/cortexm/_initialize_hardware.o
 .comment       0x0000000000000000       0x71 ./system/src/cortexm/exception_handlers.o
 .comment       0x0000000000000000       0x71 ./system/src/cmsis/system_stm32f10x.o
 .comment       0x0000000000000000       0x71 ./system/src/cmsis/vectors_stm32f10x.o
 .comment       0x0000000000000000       0x71 ./src/ks0108.o
 .comment       0x0000000000000000       0x71 ./src/main.o
 .comment       0x0000000000000000       0x71 ./src/sd_stm32.o
 .comment       0x0000000000000000       0x71 ./my_initialize/initialize.o
 .comment       0x0000000000000000       0x71 ./FreeRTOS/source/heap_3.o
 .comment       0x0000000000000000       0x71 ./FreeRTOS/source/list.o
 .comment       0x0000000000000000       0x71 ./FreeRTOS/source/port.o
 .comment       0x0000000000000000       0x71 ./FreeRTOS/source/queue.o
 .comment       0x0000000000000000       0x71 ./FreeRTOS/source/tasks.o
 .comment       0x0000000000000000       0x71 ./FATFs/ff.o
 .comment       0x0000000000000000       0x71 ./FATFs/sd_stm32.o

.ARM.attributes
                0x0000000000000000       0x33
 .ARM.attributes
                0x0000000000000000       0x33 ./system/src/stm32f1-stdperiph/misc.o
 .ARM.attributes
                0x0000000000000033       0x33 ./system/src/stm32f1-stdperiph/stm32f10x_flash.o
 .ARM.attributes
                0x0000000000000066       0x33 ./system/src/stm32f1-stdperiph/stm32f10x_gpio.o
 .ARM.attributes
                0x0000000000000099       0x33 ./system/src/stm32f1-stdperiph/stm32f10x_rcc.o
 .ARM.attributes
                0x00000000000000cc       0x33 ./system/src/stm32f1-stdperiph/stm32f10x_spi.o
 .ARM.attributes
                0x00000000000000ff       0x33 ./system/src/newlib/_exit.o
 .ARM.attributes
                0x0000000000000132       0x33 ./system/src/newlib/_startup.o
 .ARM.attributes
                0x0000000000000165       0x33 ./system/src/newlib/_syscalls.o
 .ARM.attributes
                0x0000000000000198       0x33 ./system/src/newlib/assert.o
 .ARM.attributes
                0x00000000000001cb       0x33 ./system/src/cortexm/_initialize_hardware.o
 .ARM.attributes
                0x00000000000001fe       0x33 ./system/src/cortexm/exception_handlers.o
 .ARM.attributes
                0x0000000000000231       0x33 ./system/src/cmsis/system_stm32f10x.o
 .ARM.attributes
                0x0000000000000264       0x33 ./system/src/cmsis/vectors_stm32f10x.o
 .ARM.attributes
                0x0000000000000297       0x33 ./src/ks0108.o
 .ARM.attributes
                0x00000000000002ca       0x33 ./src/main.o
 .ARM.attributes
                0x00000000000002fd       0x33 ./src/sd_stm32.o
 .ARM.attributes
                0x0000000000000330       0x33 ./my_initialize/initialize.o
 .ARM.attributes
                0x0000000000000363       0x33 ./FreeRTOS/source/heap_3.o
 .ARM.attributes
                0x0000000000000396       0x33 ./FreeRTOS/source/list.o
 .ARM.attributes
                0x00000000000003c9       0x33 ./FreeRTOS/source/port.o
 .ARM.attributes
                0x00000000000003fc       0x33 ./FreeRTOS/source/queue.o
 .ARM.attributes
                0x000000000000042f       0x33 ./FreeRTOS/source/tasks.o
 .ARM.attributes
                0x0000000000000462       0x33 ./FATFs/ff.o
 .ARM.attributes
                0x0000000000000495       0x33 ./FATFs/sd_stm32.o
 .ARM.attributes
                0x00000000000004c8       0x2d /usr/bin/../lib/gcc/arm-none-eabi/4.9.3/../../../../arm-none-eabi/lib/armv7-m/libg_nano.a(lib_a-memcpy.o)
 .ARM.attributes
                0x00000000000004f5       0x2d /usr/bin/../lib/gcc/arm-none-eabi/4.9.3/../../../../arm-none-eabi/lib/armv7-m/libg_nano.a(lib_a-memset.o)
 .ARM.attributes
                0x0000000000000522       0x2d /usr/bin/../lib/gcc/arm-none-eabi/4.9.3/../../../../arm-none-eabi/lib/armv7-m/libg_nano.a(lib_a-strncpy.o)

.debug
 *(.debug)

.line
 *(.line)

.debug_srcinfo
 *(.debug_srcinfo)

.debug_sfnames
 *(.debug_sfnames)

.debug_aranges  0x0000000000000000      0xc88
 *(.debug_aranges)
 .debug_aranges
                0x0000000000000000       0x40 ./system/src/stm32f1-stdperiph/misc.o
 .debug_aranges
                0x0000000000000040       0xf8 ./system/src/stm32f1-stdperiph/stm32f10x_flash.o
 .debug_aranges
                0x0000000000000138       0xa8 ./system/src/stm32f1-stdperiph/stm32f10x_gpio.o
 .debug_aranges
                0x00000000000001e0      0x118 ./system/src/stm32f1-stdperiph/stm32f10x_rcc.o
 .debug_aranges
                0x00000000000002f8       0xd0 ./system/src/stm32f1-stdperiph/stm32f10x_spi.o
 .debug_aranges
                0x00000000000003c8       0x28 ./system/src/newlib/_exit.o
 .debug_aranges
                0x00000000000003f0       0x40 ./system/src/newlib/_startup.o
 .debug_aranges
                0x0000000000000430       0x30 ./system/src/newlib/_syscalls.o
 .debug_aranges
                0x0000000000000460       0x28 ./system/src/newlib/assert.o
 .debug_aranges
                0x0000000000000488       0x28 ./system/src/cortexm/_initialize_hardware.o
 .debug_aranges
                0x00000000000004b0       0x80 ./system/src/cortexm/exception_handlers.o
 .debug_aranges
                0x0000000000000530       0x38 ./system/src/cmsis/system_stm32f10x.o
 .debug_aranges
                0x0000000000000568       0x20 ./system/src/cmsis/vectors_stm32f10x.o
 .debug_aranges
                0x0000000000000588       0xa0 ./src/ks0108.o
 .debug_aranges
                0x0000000000000628       0x40 ./src/main.o
 .debug_aranges
                0x0000000000000668       0x40 ./src/sd_stm32.o
 .debug_aranges
                0x00000000000006a8       0x48 ./my_initialize/initialize.o
 .debug_aranges
                0x00000000000006f0       0x38 ./FreeRTOS/source/heap_3.o
 .debug_aranges
                0x0000000000000728       0x40 ./FreeRTOS/source/list.o
 .debug_aranges
                0x0000000000000768       0x88 ./FreeRTOS/source/port.o
 .debug_aranges
                0x00000000000007f0       0xe8 ./FreeRTOS/source/queue.o
 .debug_aranges
                0x00000000000008d8      0x1a8 ./FreeRTOS/source/tasks.o
 .debug_aranges
                0x0000000000000a80      0x158 ./FATFs/ff.o
 .debug_aranges
                0x0000000000000bd8       0xb0 ./FATFs/sd_stm32.o

.debug_pubnames
 *(.debug_pubnames)

.debug_info     0x0000000000000000     0xec63
 *(.debug_info .gnu.linkonce.wi.*)
 .debug_info    0x0000000000000000      0x63b ./system/src/stm32f1-stdperiph/misc.o
 .debug_info    0x000000000000063b      0xbc4 ./system/src/stm32f1-stdperiph/stm32f10x_flash.o
 .debug_info    0x00000000000011ff      0xbd4 ./system/src/stm32f1-stdperiph/stm32f10x_gpio.o
 .debug_info    0x0000000000001dd3      0xc6b ./system/src/stm32f1-stdperiph/stm32f10x_rcc.o
 .debug_info    0x0000000000002a3e      0xfc9 ./system/src/stm32f1-stdperiph/stm32f10x_spi.o
 .debug_info    0x0000000000003a07       0xee ./system/src/newlib/_exit.o
 .debug_info    0x0000000000003af5      0x474 ./system/src/newlib/_startup.o
 .debug_info    0x0000000000003f69      0x1a9 ./system/src/newlib/_syscalls.o
 .debug_info    0x0000000000004112      0x168 ./system/src/newlib/assert.o
 .debug_info    0x000000000000427a      0x294 ./system/src/cortexm/_initialize_hardware.o
 .debug_info    0x000000000000450e      0x288 ./system/src/cortexm/exception_handlers.o
 .debug_info    0x0000000000004796      0x474 ./system/src/cmsis/system_stm32f10x.o
 .debug_info    0x0000000000004c0a       0xd1 ./system/src/cmsis/vectors_stm32f10x.o
 .debug_info    0x0000000000004cdb      0xcba ./src/ks0108.o
 .debug_info    0x0000000000005995     0x1132 ./src/main.o
 .debug_info    0x0000000000006ac7      0x92a ./src/sd_stm32.o
 .debug_info    0x00000000000073f1      0xd1f ./my_initialize/initialize.o
 .debug_info    0x0000000000008110      0x1a3 ./FreeRTOS/source/heap_3.o
 .debug_info    0x00000000000082b3      0x29a ./FreeRTOS/source/list.o
 .debug_info    0x000000000000854d      0x2bb ./FreeRTOS/source/port.o
 .debug_info    0x0000000000008808     0x1289 ./FreeRTOS/source/queue.o
 .debug_info    0x0000000000009a91     0x2068 ./FreeRTOS/source/tasks.o
 .debug_info    0x000000000000baf9     0x237d ./FATFs/ff.o
 .debug_info    0x000000000000de76      0xded ./FATFs/sd_stm32.o

.debug_abbrev   0x0000000000000000     0x28b4
 *(.debug_abbrev)
 .debug_abbrev  0x0000000000000000      0x188 ./system/src/stm32f1-stdperiph/misc.o
 .debug_abbrev  0x0000000000000188      0x1c6 ./system/src/stm32f1-stdperiph/stm32f10x_flash.o
 .debug_abbrev  0x000000000000034e      0x1f9 ./system/src/stm32f1-stdperiph/stm32f10x_gpio.o
 .debug_abbrev  0x0000000000000547      0x1ff ./system/src/stm32f1-stdperiph/stm32f10x_rcc.o
 .debug_abbrev  0x0000000000000746      0x1d8 ./system/src/stm32f1-stdperiph/stm32f10x_spi.o
 .debug_abbrev  0x000000000000091e       0xb7 ./system/src/newlib/_exit.o
 .debug_abbrev  0x00000000000009d5      0x1e9 ./system/src/newlib/_startup.o
 .debug_abbrev  0x0000000000000bbe       0xe7 ./system/src/newlib/_syscalls.o
 .debug_abbrev  0x0000000000000ca5       0xb6 ./system/src/newlib/assert.o
 .debug_abbrev  0x0000000000000d5b       0xea ./system/src/cortexm/_initialize_hardware.o
 .debug_abbrev  0x0000000000000e45      0x115 ./system/src/cortexm/exception_handlers.o
 .debug_abbrev  0x0000000000000f5a      0x157 ./system/src/cmsis/system_stm32f10x.o
 .debug_abbrev  0x00000000000010b1       0x9d ./system/src/cmsis/vectors_stm32f10x.o
 .debug_abbrev  0x000000000000114e      0x25a ./src/ks0108.o
 .debug_abbrev  0x00000000000013a8      0x2b2 ./src/main.o
 .debug_abbrev  0x000000000000165a      0x262 ./src/sd_stm32.o
 .debug_abbrev  0x00000000000018bc      0x278 ./my_initialize/initialize.o
 .debug_abbrev  0x0000000000001b34      0x12f ./FreeRTOS/source/heap_3.o
 .debug_abbrev  0x0000000000001c63       0xdf ./FreeRTOS/source/list.o
 .debug_abbrev  0x0000000000001d42      0x195 ./FreeRTOS/source/port.o
 .debug_abbrev  0x0000000000001ed7      0x227 ./FreeRTOS/source/queue.o
 .debug_abbrev  0x00000000000020fe      0x2d9 ./FreeRTOS/source/tasks.o
 .debug_abbrev  0x00000000000023d7      0x22b ./FATFs/ff.o
 .debug_abbrev  0x0000000000002602      0x2b2 ./FATFs/sd_stm32.o

.debug_line     0x0000000000000000     0x78b1
 *(.debug_line)
 .debug_line    0x0000000000000000      0x3cc ./system/src/stm32f1-stdperiph/misc.o
 .debug_line    0x00000000000003cc      0x690 ./system/src/stm32f1-stdperiph/stm32f10x_flash.o
 .debug_line    0x0000000000000a5c      0x8a9 ./system/src/stm32f1-stdperiph/stm32f10x_gpio.o
 .debug_line    0x0000000000001305      0x7f3 ./system/src/stm32f1-stdperiph/stm32f10x_rcc.o
 .debug_line    0x0000000000001af8      0x846 ./system/src/stm32f1-stdperiph/stm32f10x_spi.o
 .debug_line    0x000000000000233e      0x1fd ./system/src/newlib/_exit.o
 .debug_line    0x000000000000253b      0x26a ./system/src/newlib/_startup.o
 .debug_line    0x00000000000027a5      0x2a6 ./system/src/newlib/_syscalls.o
 .debug_line    0x0000000000002a4b      0x222 ./system/src/newlib/assert.o
 .debug_line    0x0000000000002c6d      0x330 ./system/src/cortexm/_initialize_hardware.o
 .debug_line    0x0000000000002f9d      0x531 ./system/src/cortexm/exception_handlers.o
 .debug_line    0x00000000000034ce      0x390 ./system/src/cmsis/system_stm32f10x.o
 .debug_line    0x000000000000385e       0xd4 ./system/src/cmsis/vectors_stm32f10x.o
 .debug_line    0x0000000000003932      0x54f ./src/ks0108.o
 .debug_line    0x0000000000003e81      0x70d ./src/main.o
 .debug_line    0x000000000000458e      0x571 ./src/sd_stm32.o
 .debug_line    0x0000000000004aff      0x520 ./my_initialize/initialize.o
 .debug_line    0x000000000000501f      0x2bb ./FreeRTOS/source/heap_3.o
 .debug_line    0x00000000000052da      0x2d1 ./FreeRTOS/source/list.o
 .debug_line    0x00000000000055ab      0x26d ./FreeRTOS/source/port.o
 .debug_line    0x0000000000005818      0x5d5 ./FreeRTOS/source/queue.o
 .debug_line    0x0000000000005ded      0xa1b ./FreeRTOS/source/tasks.o
 .debug_line    0x0000000000006808      0xa00 ./FATFs/ff.o
 .debug_line    0x0000000000007208      0x6a9 ./FATFs/sd_stm32.o

.debug_frame    0x0000000000000000     0x225c
 *(.debug_frame)
 .debug_frame   0x0000000000000000       0x90 ./system/src/stm32f1-stdperiph/misc.o
 .debug_frame   0x0000000000000090      0x284 ./system/src/stm32f1-stdperiph/stm32f10x_flash.o
 .debug_frame   0x0000000000000314      0x1e8 ./system/src/stm32f1-stdperiph/stm32f10x_gpio.o
 .debug_frame   0x00000000000004fc      0x31c ./system/src/stm32f1-stdperiph/stm32f10x_rcc.o
 .debug_frame   0x0000000000000818      0x278 ./system/src/stm32f1-stdperiph/stm32f10x_spi.o
 .debug_frame   0x0000000000000a90       0x38 ./system/src/newlib/_exit.o
 .debug_frame   0x0000000000000ac8       0x7c ./system/src/newlib/_startup.o
 .debug_frame   0x0000000000000b44       0x50 ./system/src/newlib/_syscalls.o
 .debug_frame   0x0000000000000b94       0x40 ./system/src/newlib/assert.o
 .debug_frame   0x0000000000000bd4       0x40 ./system/src/cortexm/_initialize_hardware.o
 .debug_frame   0x0000000000000c14       0xe8 ./system/src/cortexm/exception_handlers.o
 .debug_frame   0x0000000000000cfc       0x68 ./system/src/cmsis/system_stm32f10x.o
 .debug_frame   0x0000000000000d64       0x20 ./system/src/cmsis/vectors_stm32f10x.o
 .debug_frame   0x0000000000000d84      0x1d4 ./src/ks0108.o
 .debug_frame   0x0000000000000f58       0xa0 ./src/main.o
 .debug_frame   0x0000000000000ff8       0x94 ./src/sd_stm32.o
 .debug_frame   0x000000000000108c       0xb8 ./my_initialize/initialize.o
 .debug_frame   0x0000000000001144       0x5c ./FreeRTOS/source/heap_3.o
 .debug_frame   0x00000000000011a0       0x6c ./FreeRTOS/source/list.o
 .debug_frame   0x000000000000120c      0x118 ./FreeRTOS/source/port.o
 .debug_frame   0x0000000000001324      0x2a4 ./FreeRTOS/source/queue.o
 .debug_frame   0x00000000000015c8      0x520 ./FreeRTOS/source/tasks.o
 .debug_frame   0x0000000000001ae8      0x4e4 ./FATFs/ff.o
 .debug_frame   0x0000000000001fcc      0x220 ./FATFs/sd_stm32.o
 .debug_frame   0x00000000000021ec       0x28 /usr/bin/../lib/gcc/arm-none-eabi/4.9.3/../../../../arm-none-eabi/lib/armv7-m/libg_nano.a(lib_a-memcpy.o)
 .debug_frame   0x0000000000002214       0x20 /usr/bin/../lib/gcc/arm-none-eabi/4.9.3/../../../../arm-none-eabi/lib/armv7-m/libg_nano.a(lib_a-memset.o)
 .debug_frame   0x0000000000002234       0x28 /usr/bin/../lib/gcc/arm-none-eabi/4.9.3/../../../../arm-none-eabi/lib/armv7-m/libg_nano.a(lib_a-strncpy.o)

.debug_str      0x0000000000000000    0x5e35d
 *(.debug_str)
 .debug_str     0x0000000000000000    0x4df9a ./system/src/stm32f1-stdperiph/misc.o
                                      0x4e11d (size before relaxing)
 .debug_str     0x000000000004df9a      0x818 ./system/src/stm32f1-stdperiph/stm32f10x_flash.o
                                      0x4e6f6 (size before relaxing)
 .debug_str     0x000000000004e7b2      0x5c3 ./system/src/stm32f1-stdperiph/stm32f10x_gpio.o
                                      0x4e49b (size before relaxing)
 .debug_str     0x000000000004ed75      0xb45 ./system/src/stm32f1-stdperiph/stm32f10x_rcc.o
                                      0x4ea6a (size before relaxing)
 .debug_str     0x000000000004f8ba      0x5f7 ./system/src/stm32f1-stdperiph/stm32f10x_spi.o
                                      0x4e5c4 (size before relaxing)
 .debug_str     0x000000000004feb1     0x398b ./system/src/newlib/_exit.o
                                       0x5fc0 (size before relaxing)
 .debug_str     0x000000000005383c      0x26c ./system/src/newlib/_startup.o
                                       0x4fa9 (size before relaxing)
 .debug_str     0x0000000000053aa8     0x1620 ./system/src/newlib/_syscalls.o
                                       0x65c4 (size before relaxing)
 .debug_str     0x00000000000550c8       0xe1 ./system/src/newlib/assert.o
                                       0x6ad0 (size before relaxing)
 .debug_str     0x00000000000551a9       0x77 ./system/src/cortexm/_initialize_hardware.o
                                      0x4df85 (size before relaxing)
 .debug_str     0x0000000000055220      0x1a3 ./system/src/cortexm/exception_handlers.o
                                      0x519c5 (size before relaxing)
 .debug_str     0x00000000000553c3       0x82 ./system/src/cmsis/system_stm32f10x.o
                                      0x4e02f (size before relaxing)
 .debug_str     0x0000000000055445       0x57 ./system/src/cmsis/vectors_stm32f10x.o
                                       0x301f (size before relaxing)
 .debug_str     0x000000000005549c      0x3ac ./src/ks0108.o
                                      0x4e3de (size before relaxing)
 .debug_str     0x0000000000055848     0x5cd3 ./src/main.o
                                      0x5692f (size before relaxing)
 .debug_str     0x000000000005b51b      0x139 ./src/sd_stm32.o
                                      0x51cda (size before relaxing)
 .debug_str     0x000000000005b654      0x36b ./my_initialize/initialize.o
                                      0x51967 (size before relaxing)
 .debug_str     0x000000000005b9bf      0x13a ./FreeRTOS/source/heap_3.o
                                       0x865d (size before relaxing)
 .debug_str     0x000000000005baf9      0x130 ./FreeRTOS/source/list.o
                                       0x80bc (size before relaxing)
 .debug_str     0x000000000005bc29      0x62b ./FreeRTOS/source/port.o
                                       0x681a (size before relaxing)
 .debug_str     0x000000000005c254      0x6f8 ./FreeRTOS/source/queue.o
                                       0x988f (size before relaxing)
 .debug_str     0x000000000005c94c      0xf44 ./FreeRTOS/source/tasks.o
                                       0xa0c9 (size before relaxing)
 .debug_str     0x000000000005d890      0x8fe ./FATFs/ff.o
                                       0x3879 (size before relaxing)
 .debug_str     0x000000000005e18e      0x1cf ./FATFs/sd_stm32.o
                                      0x4e389 (size before relaxing)

.debug_loc      0x0000000000000000     0x8ab1
 *(.debug_loc)
 .debug_loc     0x0000000000000000      0x1cc ./system/src/stm32f1-stdperiph/misc.o
 .debug_loc     0x00000000000001cc      0x77f ./system/src/stm32f1-stdperiph/stm32f10x_flash.o
 .debug_loc     0x000000000000094b      0x773 ./system/src/stm32f1-stdperiph/stm32f10x_gpio.o
 .debug_loc     0x00000000000010be      0x98f ./system/src/stm32f1-stdperiph/stm32f10x_rcc.o
 .debug_loc     0x0000000000001a4d      0x9b4 ./system/src/stm32f1-stdperiph/stm32f10x_spi.o
 .debug_loc     0x0000000000002401      0x265 ./system/src/newlib/_startup.o
 .debug_loc     0x0000000000002666       0x63 ./system/src/newlib/_syscalls.o
 .debug_loc     0x00000000000026c9       0xc6 ./system/src/newlib/assert.o
 .debug_loc     0x000000000000278f       0xe4 ./system/src/cmsis/system_stm32f10x.o
 .debug_loc     0x0000000000002873      0x4c8 ./src/ks0108.o
 .debug_loc     0x0000000000002d3b      0x113 ./src/main.o
 .debug_loc     0x0000000000002e4e      0x161 ./src/sd_stm32.o
 .debug_loc     0x0000000000002faf       0xcc ./my_initialize/initialize.o
 .debug_loc     0x000000000000307b       0x5f ./FreeRTOS/source/heap_3.o
 .debug_loc     0x00000000000030da       0x65 ./FreeRTOS/source/list.o
 .debug_loc     0x000000000000313f       0x80 ./FreeRTOS/source/port.o
 .debug_loc     0x00000000000031bf      0xed2 ./FreeRTOS/source/queue.o
 .debug_loc     0x0000000000004091     0x1518 ./FreeRTOS/source/tasks.o
 .debug_loc     0x00000000000055a9     0x2b09 ./FATFs/ff.o
 .debug_loc     0x00000000000080b2      0x9ff ./FATFs/sd_stm32.o

.debug_macinfo
 *(.debug_macinfo)

.debug_weaknames
 *(.debug_weaknames)

.debug_funcnames
 *(.debug_funcnames)

.debug_typenames
 *(.debug_typenames)

.debug_varnames
 *(.debug_varnames)
OUTPUT(FreeRTOS_proj.elf elf32-littlearm)

.debug_ranges   0x0000000000000000      0xb88
 .debug_ranges  0x0000000000000000       0x30 ./system/src/stm32f1-stdperiph/misc.o
 .debug_ranges  0x0000000000000030       0xe8 ./system/src/stm32f1-stdperiph/stm32f10x_flash.o
 .debug_ranges  0x0000000000000118       0x98 ./system/src/stm32f1-stdperiph/stm32f10x_gpio.o
 .debug_ranges  0x00000000000001b0      0x108 ./system/src/stm32f1-stdperiph/stm32f10x_rcc.o
 .debug_ranges  0x00000000000002b8       0xc0 ./system/src/stm32f1-stdperiph/stm32f10x_spi.o
 .debug_ranges  0x0000000000000378       0x18 ./system/src/newlib/_exit.o
 .debug_ranges  0x0000000000000390       0x48 ./system/src/newlib/_startup.o
 .debug_ranges  0x00000000000003d8       0x20 ./system/src/newlib/_syscalls.o
 .debug_ranges  0x00000000000003f8       0x18 ./system/src/newlib/assert.o
 .debug_ranges  0x0000000000000410       0x18 ./system/src/cortexm/_initialize_hardware.o
 .debug_ranges  0x0000000000000428       0x70 ./system/src/cortexm/exception_handlers.o
 .debug_ranges  0x0000000000000498       0x28 ./system/src/cmsis/system_stm32f10x.o
 .debug_ranges  0x00000000000004c0       0x10 ./system/src/cmsis/vectors_stm32f10x.o
 .debug_ranges  0x00000000000004d0       0x90 ./src/ks0108.o
 .debug_ranges  0x0000000000000560       0x48 ./src/main.o
 .debug_ranges  0x00000000000005a8       0x30 ./src/sd_stm32.o
 .debug_ranges  0x00000000000005d8       0x38 ./my_initialize/initialize.o
 .debug_ranges  0x0000000000000610       0x28 ./FreeRTOS/source/heap_3.o
 .debug_ranges  0x0000000000000638       0x30 ./FreeRTOS/source/list.o
 .debug_ranges  0x0000000000000668       0x78 ./FreeRTOS/source/port.o
 .debug_ranges  0x00000000000006e0       0xd8 ./FreeRTOS/source/queue.o
 .debug_ranges  0x00000000000007b8      0x1d0 ./FreeRTOS/source/tasks.o
 .debug_ranges  0x0000000000000988      0x160 ./FATFs/ff.o
 .debug_ranges  0x0000000000000ae8       0xa0 ./FATFs/sd_stm32.o

.debug_macro    0x0000000000000000    0x1169c
 .debug_macro   0x0000000000000000      0x162 ./system/src/stm32f1-stdperiph/misc.o
 .debug_macro   0x0000000000000162      0x880 ./system/src/stm32f1-stdperiph/misc.o
 .debug_macro   0x00000000000009e2       0x50 ./system/src/stm32f1-stdperiph/misc.o
 .debug_macro   0x0000000000000a32       0x3a ./system/src/stm32f1-stdperiph/misc.o
 .debug_macro   0x0000000000000a6c      0x34e ./system/src/stm32f1-stdperiph/misc.o
 .debug_macro   0x0000000000000dba       0x2d ./system/src/stm32f1-stdperiph/misc.o
 .debug_macro   0x0000000000000de7      0xa8b ./system/src/stm32f1-stdperiph/misc.o
 .debug_macro   0x0000000000001872     0x7dbe ./system/src/stm32f1-stdperiph/misc.o
 .debug_macro   0x0000000000009630      0x2e4 ./system/src/stm32f1-stdperiph/misc.o
 .debug_macro   0x0000000000009914      0x144 ./system/src/stm32f1-stdperiph/misc.o
 .debug_macro   0x0000000000009a58      0x3cf ./system/src/stm32f1-stdperiph/misc.o
 .debug_macro   0x0000000000009e27       0xc8 ./system/src/stm32f1-stdperiph/misc.o
 .debug_macro   0x0000000000009eef      0x17a ./system/src/stm32f1-stdperiph/misc.o
 .debug_macro   0x000000000000a069       0xac ./system/src/stm32f1-stdperiph/misc.o
 .debug_macro   0x000000000000a115      0x3ad ./system/src/stm32f1-stdperiph/misc.o
 .debug_macro   0x000000000000a4c2       0x9d ./system/src/stm32f1-stdperiph/misc.o
 .debug_macro   0x000000000000a55f      0x2cf ./system/src/stm32f1-stdperiph/misc.o
 .debug_macro   0x000000000000a82e      0x279 ./system/src/stm32f1-stdperiph/misc.o
 .debug_macro   0x000000000000aaa7      0x2ac ./system/src/stm32f1-stdperiph/misc.o
 .debug_macro   0x000000000000ad53      0x2b4 ./system/src/stm32f1-stdperiph/misc.o
 .debug_macro   0x000000000000b007       0x64 ./system/src/stm32f1-stdperiph/misc.o
 .debug_macro   0x000000000000b06b       0x82 ./system/src/stm32f1-stdperiph/misc.o
 .debug_macro   0x000000000000b0ed      0x3e2 ./system/src/stm32f1-stdperiph/misc.o
 .debug_macro   0x000000000000b4cf       0x58 ./system/src/stm32f1-stdperiph/misc.o
 .debug_macro   0x000000000000b527      0x344 ./system/src/stm32f1-stdperiph/misc.o
 .debug_macro   0x000000000000b86b      0x2c4 ./system/src/stm32f1-stdperiph/misc.o
 .debug_macro   0x000000000000bb2f      0x711 ./system/src/stm32f1-stdperiph/misc.o
 .debug_macro   0x000000000000c240      0x222 ./system/src/stm32f1-stdperiph/misc.o
 .debug_macro   0x000000000000c462       0x34 ./system/src/stm32f1-stdperiph/misc.o
 .debug_macro   0x000000000000c496       0x35 ./system/src/stm32f1-stdperiph/misc.o
 .debug_macro   0x000000000000c4cb       0x85 ./system/src/stm32f1-stdperiph/misc.o
 .debug_macro   0x000000000000c550      0x204 ./system/src/stm32f1-stdperiph/stm32f10x_flash.o
 .debug_macro   0x000000000000c754       0x8b ./system/src/stm32f1-stdperiph/stm32f10x_flash.o
 .debug_macro   0x000000000000c7df      0x2c9 ./system/src/stm32f1-stdperiph/stm32f10x_flash.o
 .debug_macro   0x000000000000caa8      0x1aa ./system/src/stm32f1-stdperiph/stm32f10x_gpio.o
 .debug_macro   0x000000000000cc52      0x2a6 ./system/src/stm32f1-stdperiph/stm32f10x_gpio.o
 .debug_macro   0x000000000000cef8      0x278 ./system/src/stm32f1-stdperiph/stm32f10x_rcc.o
 .debug_macro   0x000000000000d170      0x3dc ./system/src/stm32f1-stdperiph/stm32f10x_rcc.o
 .debug_macro   0x000000000000d54c      0x1c2 ./system/src/stm32f1-stdperiph/stm32f10x_spi.o
 .debug_macro   0x000000000000d70e      0x2be ./system/src/stm32f1-stdperiph/stm32f10x_spi.o
 .debug_macro   0x000000000000d9cc      0x131 ./system/src/newlib/_exit.o
 .debug_macro   0x000000000000dafd       0x9c ./system/src/newlib/_exit.o
 .debug_macro   0x000000000000db99      0x10e ./system/src/newlib/_exit.o
 .debug_macro   0x000000000000dca7       0x86 ./system/src/newlib/_exit.o
 .debug_macro   0x000000000000dd2d       0x43 ./system/src/newlib/_exit.o
 .debug_macro   0x000000000000dd70      0x27a ./system/src/newlib/_exit.o
 .debug_macro   0x000000000000dfea       0x35 ./system/src/newlib/_exit.o
 .debug_macro   0x000000000000e01f       0xf7 ./system/src/newlib/_startup.o
 .debug_macro   0x000000000000e116      0x1ad ./system/src/newlib/_syscalls.o
 .debug_macro   0x000000000000e2c3       0x1c ./system/src/newlib/_syscalls.o
 .debug_macro   0x000000000000e2df       0x10 ./system/src/newlib/_syscalls.o
 .debug_macro   0x000000000000e2ef       0x10 ./system/src/newlib/_syscalls.o
 .debug_macro   0x000000000000e2ff       0x10 ./system/src/newlib/_syscalls.o
 .debug_macro   0x000000000000e30f       0x10 ./system/src/newlib/_syscalls.o
 .debug_macro   0x000000000000e31f       0x35 ./system/src/newlib/_syscalls.o
 .debug_macro   0x000000000000e354      0x122 ./system/src/newlib/_syscalls.o
 .debug_macro   0x000000000000e476       0x2e ./system/src/newlib/_syscalls.o
 .debug_macro   0x000000000000e4a4       0x82 ./system/src/newlib/_syscalls.o
 .debug_macro   0x000000000000e526       0x2b ./system/src/newlib/_syscalls.o
 .debug_macro   0x000000000000e551      0x118 ./system/src/newlib/_syscalls.o
 .debug_macro   0x000000000000e669      0x159 ./system/src/newlib/_syscalls.o
 .debug_macro   0x000000000000e7c2       0x16 ./system/src/newlib/_syscalls.o
 .debug_macro   0x000000000000e7d8      0x14d ./system/src/newlib/assert.o
 .debug_macro   0x000000000000e925       0x1c ./system/src/newlib/assert.o
 .debug_macro   0x000000000000e941      0x15c ./system/src/cortexm/_initialize_hardware.o
 .debug_macro   0x000000000000ea9d      0x28a ./system/src/cortexm/exception_handlers.o
 .debug_macro   0x000000000000ed27       0x22 ./system/src/cortexm/exception_handlers.o
 .debug_macro   0x000000000000ed49       0x10 ./system/src/cortexm/exception_handlers.o
 .debug_macro   0x000000000000ed59       0xc8 ./system/src/cortexm/exception_handlers.o
 .debug_macro   0x000000000000ee21       0x19 ./system/src/cortexm/exception_handlers.o
 .debug_macro   0x000000000000ee3a       0xbe ./system/src/cortexm/exception_handlers.o
 .debug_macro   0x000000000000eef8       0x10 ./system/src/cortexm/exception_handlers.o
 .debug_macro   0x000000000000ef08      0x15f ./system/src/cmsis/system_stm32f10x.o
 .debug_macro   0x000000000000f067       0x34 ./system/src/cmsis/vectors_stm32f10x.o
 .debug_macro   0x000000000000f09b      0x169 ./src/ks0108.o
 .debug_macro   0x000000000000f204       0x82 ./src/ks0108.o
 .debug_macro   0x000000000000f286      0x385 ./src/main.o
 .debug_macro   0x000000000000f60b       0x16 ./src/main.o
 .debug_macro   0x000000000000f621       0x97 ./src/main.o
 .debug_macro   0x000000000000f6b8       0xf6 ./src/main.o
 .debug_macro   0x000000000000f7ae       0x10 ./src/main.o
 .debug_macro   0x000000000000f7be       0x16 ./src/main.o
 .debug_macro   0x000000000000f7d4      0x197 ./src/main.o
 .debug_macro   0x000000000000f96b       0x16 ./src/main.o
 .debug_macro   0x000000000000f981       0xf6 ./src/main.o
 .debug_macro   0x000000000000fa77       0x19 ./src/main.o
 .debug_macro   0x000000000000fa90       0x5e ./src/main.o
 .debug_macro   0x000000000000faee       0xd2 ./src/main.o
 .debug_macro   0x000000000000fbc0       0x10 ./src/main.o
 .debug_macro   0x000000000000fbd0       0x1f ./src/main.o
 .debug_macro   0x000000000000fbef      0x3b5 ./src/main.o
 .debug_macro   0x000000000000ffa4       0xc0 ./src/main.o
 .debug_macro   0x0000000000010064       0x8c ./src/main.o
 .debug_macro   0x00000000000100f0       0x91 ./src/main.o
 .debug_macro   0x0000000000010181       0xb0 ./src/main.o
 .debug_macro   0x0000000000010231       0x7f ./src/main.o
 .debug_macro   0x00000000000102b0       0x91 ./src/main.o
 .debug_macro   0x0000000000010341       0xf9 ./src/main.o
 .debug_macro   0x000000000001043a       0x16 ./src/main.o
 .debug_macro   0x0000000000010450      0x2ce ./src/sd_stm32.o
 .debug_macro   0x000000000001071e      0x28c ./my_initialize/initialize.o
 .debug_macro   0x00000000000109aa      0x16f ./FreeRTOS/source/heap_3.o
 .debug_macro   0x0000000000010b19      0x14e ./FreeRTOS/source/list.o
 .debug_macro   0x0000000000010c67      0x12f ./FreeRTOS/source/port.o
 .debug_macro   0x0000000000010d96      0x1c0 ./FreeRTOS/source/queue.o
 .debug_macro   0x0000000000010f56      0x1fc ./FreeRTOS/source/tasks.o
 .debug_macro   0x0000000000011152       0x16 ./FreeRTOS/source/tasks.o
 .debug_macro   0x0000000000011168      0x23e ./FATFs/ff.o
 .debug_macro   0x00000000000113a6       0x8e ./FATFs/ff.o
 .debug_macro   0x0000000000011434      0x1d6 ./FATFs/sd_stm32.o
 .debug_macro   0x000000000001160a       0x10 ./FATFs/sd_stm32.o
 .debug_macro   0x000000000001161a       0x82 ./FATFs/sd_stm32.o
